2026-08-12T06:44:57.268447Z  INFO herdr::logging: herdr starting event="app.startup" subsystem="client" outcome="started" pid=1470166
2026-08-12T06:44:57.268533Z  INFO herdr::client: connecting to server path=/home/simone.cittadini@gruppomol.lcl/.config/herdr/herdr-client.sock
2026-08-12T06:44:57.488363Z  INFO herdr::client: handshake succeeded version=19 encoding=SemanticFrame
2026-08-12T06:46:04.760350Z  WARN herdr::raw_input: flushing lone escape after input timeout; if this follows an alt chord or focus switch it may reach the pane as plain esc bytes=[27]
2026-08-12T06:46:04.760418Z  WARN herdr::raw_input: flushing lone escape after input timeout; if this follows an alt chord or focus switch it may reach the pane as plain esc bytes=[27]
2026-08-12T06:46:04.941580Z  WARN herdr::raw_input: flushing lone escape after input timeout; if this follows an alt chord or focus switch it may reach the pane as plain esc bytes=[27]
2026-08-12T06:46:04.941676Z  WARN herdr::raw_input: flushing lone escape after input timeout; if this follows an alt chord or focus switch it may reach the pane as plain esc bytes=[27]
2026-08-12T07:05:55.835155Z  WARN herdr::raw_input: flushing lone escape after input timeout; if this follows an alt chord or focus switch it may reach the pane as plain esc bytes=[27]
2026-08-12T07:05:55.835383Z  WARN herdr::raw_input: flushing lone escape after input timeout; if this follows an alt chord or focus switch it may reach the pane as plain esc bytes=[27]
2026-08-12T07:05:57.202994Z  WARN herdr::raw_input: flushing lone escape after input timeout; if this follows an alt chord or focus switch it may reach the pane as plain esc bytes=[27]
2026-08-12T07:05:57.203091Z  WARN herdr::raw_input: flushing lone escape after input timeout; if this follows an alt chord or focus switch it may reach the pane as plain esc bytes=[27]
2026-08-12T07:07:13.964111Z  WARN herdr::raw_input: flushing lone escape after input timeout; if this follows an alt chord or focus switch it may reach the pane as plain esc bytes=[27]
2026-08-12T07:07:13.964322Z  WARN herdr::raw_input: flushing lone escape after input timeout; if this follows an alt chord or focus switch it may reach the pane as plain esc bytes=[27]
2026-08-12T07:07:14.453897Z  WARN herdr::raw_input: flushing lone escape after input timeout; if this follows an alt chord or focus switch it may reach the pane as plain esc bytes=[27]
2026-08-12T07:07:14.453998Z  WARN herdr::raw_input: flushing lone escape after input timeout; if this follows an alt chord or focus switch it may reach the pane as plain esc bytes=[27]
2026-08-12T07:07:43.250134Z  WARN herdr::raw_input: flushing lone escape after input timeout; if this follows an alt chord or focus switch it may reach the pane as plain esc bytes=[27]
2026-08-12T07:07:43.250237Z  WARN herdr::raw_input: flushing lone escape after input timeout; if this follows an alt chord or focus switch it may reach the pane as plain esc bytes=[27]
2026-08-12T07:08:27.196512Z  WARN herdr::raw_input: flushing lone escape after input timeout; if this follows an alt chord or focus switch it may reach the pane as plain esc bytes=[27]
2026-08-12T07:08:27.196638Z  WARN herdr::raw_input: flushing lone escape after input timeout; if this follows an alt chord or focus switch it may reach the pane as plain esc bytes=[27]
2026-08-12T07:08:43.847271Z  INFO herdr::logging: herdr starting event="app.startup" subsystem="client" outcome="started" pid=1476898
2026-08-12T07:08:43.847316Z  INFO herdr::client: connecting to server path=/home/simone.cittadini@gruppomol.lcl/.config/herdr/herdr-client.sock
2026-08-12T07:08:43.993226Z  INFO herdr::client: handshake succeeded version=19 encoding=SemanticFrame
2026-08-12T11:46:37.663437Z  INFO herdr::logging: herdr starting event="app.startup" subsystem="client" outcome="started" pid=8042
2026-08-12T11:46:37.663596Z  INFO herdr::client: connecting to server path=/home/simone.cittadini@gruppomol.lcl/.config/herdr/herdr-client.sock
2026-08-12T11:46:37.878158Z  INFO herdr::client: handshake succeeded version=19 encoding=SemanticFrame
2026-08-18T08:01:29.820296Z  INFO herdr::logging: herdr starting event="app.startup" subsystem="client" outcome="started" pid=1449839
2026-08-18T08:01:29.820522Z  INFO herdr::client: connecting to server path=/home/simone.cittadini@gruppomol.lcl/.config/herdr/herdr-client.sock
2026-08-18T08:01:30.067827Z  INFO herdr::client: handshake succeeded version=19 encoding=SemanticFrame
2026-08-20T08:42:52.807562Z  INFO herdr::logging: herdr exiting event="app.shutdown" subsystem="client" outcome="completed" pid=1449839
2026-08-20T08:43:03.355349Z  INFO herdr::logging: herdr starting event="app.startup" subsystem="client" outcome="started" pid=2912264
2026-08-20T08:43:03.355476Z  INFO herdr::client: connecting to server path=/home/simone.cittadini@gruppomol.lcl/.config/herdr/herdr-client.sock
2026-08-20T08:43:03.378819Z  INFO herdr::client: handshake succeeded version=19 encoding=SemanticFrame
2026-08-24T06:26:53.428160Z  INFO herdr::logging: herdr starting event="app.startup" subsystem="client" outcome="started" pid=3887231
2026-08-24T06:26:53.430463Z  INFO herdr::client: connecting to server path=/home/simone.cittadini@gruppomol.lcl/.config/herdr/herdr-client.sock
2026-08-24T06:26:53.676404Z  INFO herdr::client: handshake succeeded version=20 encoding=SemanticFrame
2026-08-30T10:20:36.197413Z  INFO herdr::logging: herdr exiting event="app.shutdown" subsystem="client" outcome="completed" pid=3887231
2026-08-30T10:44:43.599409Z  INFO herdr::logging: herdr starting event="app.startup" subsystem="client" outcome="started" pid=7859
2026-08-30T10:44:43.599666Z  INFO herdr::client: connecting to server path=/home/simone.cittadini@gruppomol.lcl/.config/herdr/herdr-client.sock
2026-08-30T10:44:43.805912Z  INFO herdr::client: handshake succeeded version=20 encoding=SemanticFrame
